
> green-cart-frontend@0.1.0 build
> next build

Γû▓ Next.js 16.2.1 (Turbopack)
- Environments: .env

node.exe : ΓÜá The 
"middleware" file 
convention is 
deprecated. Please 
use "proxy" instead. 
Learn more: https://ne
xtjs.org/docs/messages
/middleware-to-proxy
At C:\Program Files\no
dejs\npm.ps1:29 char:3
+   & $NODE_EXE 
$NPM_CLI_JS $args
+   ~~~~~~~~~~~~~~~~~~
~~~~~~~~~~~
    + CategoryInfo    
          : NotSpeci  
  fied: (ΓÜá The "m   
 iddle...leware-to    
-proxy:String) []    
, RemoteException
    + FullyQualifiedE 
   rrorId : NativeCo  
  mmandError
 
  Creating an optimized production build ...

> Build error occurred
Error: Turbopack 
build failed with 1 
errors:
./app/admin/dashboard/
admin-dashboard.module
.css:209:2
Parsing CSS source 
code failed
  [90m207 |[0m     
color: #ffffff 
!important;
  [90m208 |[0m     
background: 
rgba([35m239[0m, 
[35m68[0m, 
[35m68[0m, 
[35m.35[0m) 
!important;
[31m[1m>[0m 
[90m209 |[0m }}
  [90m    |[0m  
[31m[1m^[0m
  [90m210 |[0m
  [90m211 |[0m 
[90m/* ΓöÇΓöÇΓöÇ 
Quick grid ΓöÇΓöÇΓöÇΓö
ÇΓöÇΓöÇΓöÇΓöÇΓöÇΓöÇΓöÇ
ΓöÇΓöÇΓöÇΓöÇΓöÇΓöÇΓöÇΓ
öÇΓöÇΓöÇΓöÇΓöÇΓöÇΓöÇΓö
ÇΓöÇΓöÇΓöÇΓöÇΓöÇΓöÇΓöÇ
ΓöÇΓöÇΓöÇΓöÇΓöÇΓöÇΓöÇΓ
öÇΓöÇΓöÇΓöÇΓöÇΓöÇΓöÇΓö
ÇΓöÇΓöÇΓöÇΓöÇΓöÇΓöÇΓöÇ
ΓöÇΓöÇΓöÇΓöÇΓöÇ */[0m
  [90m212 |[0m 
.quickGrid {

Invalid empty selector

Generated code of 
PostCSS transform of 
file content of app/ad
min/dashboard/admin-da
shboard.module.css:
./app/admin/dashboard/
admin-dashboard.module
.css:209:2
  [90m207 |[0m     
color: #ffffff 
!important;
  [90m208 |[0m     
background: 
rgba([35m239[0m, 
[35m68[0m, 
[35m68[0m, 
[35m.35[0m) 
!important;
[31m[1m>[0m 
[90m209 |[0m }}
  [90m    |[0m  
[31m[1m^[0m
  [90m210 |[0m
  [90m211 |[0m 
[90m/* ΓöÇΓöÇΓöÇ 
Quick grid ΓöÇΓöÇΓöÇΓö
ÇΓöÇΓöÇΓöÇΓöÇΓöÇΓöÇΓöÇ
ΓöÇΓöÇΓöÇΓöÇΓöÇΓöÇΓöÇΓ
öÇΓöÇΓöÇΓöÇΓöÇΓöÇΓöÇΓö
ÇΓöÇΓöÇΓöÇΓöÇΓöÇΓöÇΓöÇ
ΓöÇΓöÇΓöÇΓöÇΓöÇΓöÇΓöÇΓ
öÇΓöÇΓöÇΓöÇΓöÇΓöÇΓöÇΓö
ÇΓöÇΓöÇΓöÇΓöÇΓöÇΓöÇΓöÇ
ΓöÇΓöÇΓöÇΓöÇΓöÇ */[0m
  [90m212 |[0m 
.quickGrid {

Import traces:
  Client Component 
Browser:
    ./app/admin/dashbo
ard/admin-dashboard.mo
dule.css [Client 
Component Browser]
    ./app/admin/dashbo
ard/page.tsx [Client 
Component Browser]
    ./app/admin/dashbo
ard/page.tsx [Server 
Component]

  Client Component 
SSR:
    ./app/admin/dashbo
ard/admin-dashboard.mo
dule.css [Client 
Component SSR]
    ./app/admin/dashbo
ard/page.tsx [Client 
Component SSR]
    ./app/admin/dashbo
ard/page.tsx [Server 
Component]


    at <unknown> (./ap
p/admin/dashboard/admi
n-dashboard.module.css
:209:2)
    at <unknown> (./ap
p/admin/dashboard/admi
n-dashboard.module.css
:209:2)
